global.c:24:6:initialize	8	static
global.c:37:6:red_green	8	static
global.c:45:6:red_amber	8	static
global.c:53:6:green_red	8	static
global.c:61:6:amber_red	8	static
global.c:69:6:blink_red	8	static
global.c:77:6:blink_amber	8	static
global.c:85:6:blink_green	8	static
global.c:94:6:display7SEG	16	static
global.c:190:6:update7SEG	16	static
global.c:224:6:updateBuffer	4	static
global.c:252:6:clearTerminal	16	static
global.c:256:6:printString	16	static
global.c:259:6:printValue	120	static
global.c:263:6:displayTLValues	8	static
global.c:295:6:blinkLEDs	8	static
global.c:325:6:scan7SEG	8	static
global.c:361:6:routine_1sec	8	static
global.c:434:6:button_signal	16	static
